TAP version 13
# Subtest: imported present attendance grants once and repeated refresh never doubles balances
ok 1 - imported present attendance grants once and repeated refresh never doubles balances
  ---
  duration_ms: 2.5897
  type: 'test'
  ...
# Subtest: late and absent replace the same daily award, and returning to present restores only its difference
ok 2 - late and absent replace the same daily award, and returning to present restores only its difference
  ---
  duration_ms: 0.9705
  type: 'test'
  ...
# Subtest: zero late award and disabled family propagation respect settings
ok 3 - zero late award and disabled family propagation respect settings
  ---
  duration_ms: 1.39
  type: 'test'
  ...
# Subtest: legacy daily limits do not block attendance awards
ok 4 - legacy daily limits do not block attendance awards
  ---
  duration_ms: 0.3118
  type: 'test'
  ...
# Subtest: historical import does not create retroactive awards but can retract a previously awarded day
ok 5 - historical import does not create retroactive awards but can retract a previously awarded day
  ---
  duration_ms: 0.5939
  type: 'test'
  ...
# Subtest: narration day uses header actions and compact completed student cards
ok 6 - narration day uses header actions and compact completed student cards
  ---
  duration_ms: 7.7365
  type: 'test'
  ...
# Subtest: Nazem attendance remains authoritative even when a local change is pending
ok 7 - Nazem attendance remains authoritative even when a local change is pending
  ---
  duration_ms: 0.9474
  type: 'test'
  ...
# Subtest: pending Nazem follow-up never becomes a completed Rawasi recitation
ok 8 - pending Nazem follow-up never becomes a completed Rawasi recitation
  ---
  duration_ms: 0.119
  type: 'test'
  ...
# Subtest: Nazem diagnostics use one circuit key without stopping the sync worker
ok 9 - Nazem diagnostics use one circuit key without stopping the sync worker
  ---
  duration_ms: 0.9592
  type: 'test'
  ...
# Subtest: Nazem settings expose a complete sync log for accepted, active, and failed operations
ok 10 - Nazem settings expose a complete sync log for accepted, active, and failed operations
  ---
  duration_ms: 2.1413
  type: 'test'
  ...
# Subtest: Nazem log keeps current jobs and removes only their duplicate history event
ok 11 - Nazem log keeps current jobs and removes only their duplicate history event
  ---
  duration_ms: 0.7793
  type: 'test'
  ...
# Subtest: Nazem log distinguishes read-back success from a new delivery without treating false as true
ok 12 - Nazem log distinguishes read-back success from a new delivery without treating false as true
  ---
  duration_ms: 0.1336
  type: 'test'
  ...
# Subtest: Nazem does not offer retries for conflicts or issues that require data correction
ok 13 - Nazem does not offer retries for conflicts or issues that require data correction
  ---
  duration_ms: 0.1093
  type: 'test'
  ...
# Subtest: all Rawasi student attendance statuses map to Nazem
ok 14 - all Rawasi student attendance statuses map to Nazem
  ---
  duration_ms: 0.08
  type: 'test'
  ...
# Subtest: Nazem plan API maps every student by stable external id
ok 15 - Nazem plan API maps every student by stable external id
  ---
  duration_ms: 0.853
  type: 'test'
  ...
# Subtest: Nazem plan API pagination preserves all groups
ok 16 - Nazem plan API pagination preserves all groups
  ---
  duration_ms: 0.4617
  type: 'test'
  ...
# Subtest: student attendance endpoints enqueue their saved status for Nazem delivery
ok 17 - student attendance endpoints enqueue their saved status for Nazem delivery
  ---
  duration_ms: 4.6045
  type: 'test'
  ...
# Subtest: Nazem import restores completed memorization and wakes waiting attendance
ok 18 - Nazem import restores completed memorization and wakes waiting attendance
  ---
  duration_ms: 5.3791
  type: 'test'
  ...
# Subtest: Nazem remains authoritative when either linked plan snapshot changes
ok 19 - Nazem remains authoritative when either linked plan snapshot changes
  ---
  duration_ms: 1.0906
  type: 'test'
  ...
# Subtest: Nazem credentials are encrypted with authenticated reversible encryption
ok 20 - Nazem credentials are encrypted with authenticated reversible encryption
  ---
  duration_ms: 1.6601
  type: 'test'
  ...
# Subtest: Arabic teacher and student names normalize consistently for safe suggestions
ok 21 - Arabic teacher and student names normalize consistently for safe suggestions
  ---
  duration_ms: 1.7852
  type: 'test'
  ...
# Subtest: Nazem account identity requires explicit approval only for a mismatched teacher
ok 22 - Nazem account identity requires explicit approval only for a mismatched teacher
  ---
  duration_ms: 0.1243
  type: 'test'
  ...
# Subtest: Nazem bulk student import uses unique three-digit login numbers
ok 23 - Nazem bulk student import uses unique three-digit login numbers
  ---
  duration_ms: 0.7666
  type: 'test'
  ...
# Subtest: Nazem student discovery removes duplicate visible-option records
ok 24 - Nazem student discovery removes duplicate visible-option records
  ---
  duration_ms: 0.1969
  type: 'test'
  ...
# Subtest: Nazem student discovery includes every profile in the selected circle
ok 25 - Nazem student discovery includes every profile in the selected circle
  ---
  duration_ms: 0.3252
  type: 'test'
  ...
# Subtest: Nazem plan students match by external id before the unique-name fallback
ok 26 - Nazem plan students match by external id before the unique-name fallback
  ---
  duration_ms: 0.5998
  type: 'test'
  ...
# Subtest: Nazem plan import keeps today when the latest progress was on a previous day
ok 27 - Nazem plan import keeps today when the latest progress was on a previous day
  ---
  duration_ms: 0.2828
  type: 'test'
  ...
# Subtest: Nazem student profiles retain the full supported import data
ok 28 - Nazem student profiles retain the full supported import data
  ---
  duration_ms: 0.2183
  type: 'test'
  ...
# Subtest: Nazem plan verification requires the complete expected remote plan
ok 29 - Nazem plan verification requires the complete expected remote plan
  ---
  duration_ms: 0.2034
  type: 'test'
  ...
# Subtest: Nazem browser allowlist blocks third-party and internal network requests
ok 30 - Nazem browser allowlist blocks third-party and internal network requests
  ---
  duration_ms: 0.0979
  type: 'test'
  ...
# Subtest: Ruwasi plans map only to values verified in the Nazem form
ok 31 - Ruwasi plans map only to values verified in the Nazem form
  ---
  duration_ms: 0.2782
  type: 'test'
  ...
# Subtest: Nazem plan bundle follows the Ruwasi track and adds prior memorization as revision
ok 32 - Nazem plan bundle follows the Ruwasi track and adds prior memorization as revision
  ---
  duration_ms: 0.1236
  type: 'test'
  ...
# Subtest: Nazem plan conflicts report the exact changed fields and values
ok 33 - Nazem plan conflicts report the exact changed fields and values
  ---
  duration_ms: 0.1584
  type: 'test'
  ...
# Subtest: Ruwasi recitation maps to the verified Nazem follow-up fields
ok 34 - Ruwasi recitation maps to the verified Nazem follow-up fields
  ---
  duration_ms: 0.4677
  type: 'test'
  ...
# Subtest: Nazem only requires attendance in the current-day follow-up response
ok 35 - Nazem only requires attendance in the current-day follow-up response
  ---
  duration_ms: 0.3376
  type: 'test'
  ...
# Subtest: Nazem receives one daily result for multi-face Rawasi recitation and keeps warnings local
ok 36 - Nazem receives one daily result for multi-face Rawasi recitation and keeps warnings local
  ---
  duration_ms: 0.5992
  type: 'test'
  ...
# Subtest: Nazem scheduled ayah boundary replaces expired untouched Rawasi tasks exactly
ok 37 - Nazem scheduled ayah boundary replaces expired untouched Rawasi tasks exactly
  ---
  duration_ms: 0.9522
  type: 'test'
  ...
# Subtest: Nazem overdue memorization is imported and blocks later memorization amounts
ok 38 - Nazem overdue memorization is imported and blocks later memorization amounts
  ---
  duration_ms: 0.4342
  type: 'test'
  ...
# Subtest: Nazem follow-up collections accept arrays, wrapped data, and keyed objects
ok 39 - Nazem follow-up collections accept arrays, wrapped data, and keyed objects
  ---
  duration_ms: 0.1181
  type: 'test'
  ...
# Subtest: Nazem daily mastery uses its own track without overwriting the memorization plan
ok 40 - Nazem daily mastery uses its own track without overwriting the memorization plan
  ---
  duration_ms: 0.3473
  type: 'test'
  ...
# Subtest: Nazem teacher session only exposes the daily task types confirmed by Nazem
ok 41 - Nazem teacher session only exposes the daily task types confirmed by Nazem
  ---
  duration_ms: 6.1645
  type: 'test'
  ...
# Subtest: unmatched students stay in the import flow without creating false review alerts
ok 42 - unmatched students stay in the import flow without creating false review alerts
  ---
  duration_ms: 0.6398
  type: 'test'
  ...
# Subtest: Nazem follow-up reads are shared per plan and date while post-save verification stays fresh
ok 43 - Nazem follow-up reads are shared per plan and date while post-save verification stays fresh
  ---
  duration_ms: 0.6144
  type: 'test'
  ...
# Subtest: Nazem full refresh is manual while outgoing recitations refresh only their student
ok 44 - Nazem full refresh is manual while outgoing recitations refresh only their student
  ---
  duration_ms: 4.2696
  type: 'test'
  ...
# Subtest: Nazem plans stay managed remotely while ordinary review permits an endpoint within its schedule
ok 45 - Nazem plans stay managed remotely while ordinary review permits an endpoint within its schedule
  ---
  duration_ms: 3.692
  type: 'test'
  ...
# Subtest: Nazem late completion keeps its original range in Rawasi
ok 46 - Nazem late completion keeps its original range in Rawasi
  ---
  duration_ms: 6.3521
  type: 'test'
  ...
# Subtest: Nazem linking has an independent evaluation and sends actual count without local marks
ok 47 - Nazem linking has an independent evaluation and sends actual count without local marks
  ---
  duration_ms: 2.8908
  type: 'test'
  ...
# Subtest: Nazem memorization no longer waits for a separate link attempt
ok 48 - Nazem memorization no longer waits for a separate link attempt
  ---
  duration_ms: 0.9023
  type: 'test'
  ...
# Subtest: Nazem inline link count accepts only whole values from zero to forty
ok 49 - Nazem inline link count accepts only whole values from zero to forty
  ---
  duration_ms: 0.1326
  type: 'test'
  ...
# Subtest: Nazem daily follow-up verification covers every field used by the current contract
ok 50 - Nazem daily follow-up verification covers every field used by the current contract
  ---
  duration_ms: 0.179
  type: 'test'
  ...
# Subtest: editing a Ruwasi plan preserves its Nazem plan identity for an exact update
ok 51 - editing a Ruwasi plan preserves its Nazem plan identity for an exact update
  ---
  duration_ms: 0.3004
  type: 'test'
  ...
# Subtest: editing waits instead of racing an active Nazem plan synchronization
ok 52 - editing waits instead of racing an active Nazem plan synchronization
  ---
  duration_ms: 0.191
  type: 'test'
  ...
# Subtest: Nazem browser access remains server-side and isolated in one adapter
ok 53 - Nazem browser access remains server-side and isolated in one adapter
  ---
  duration_ms: 6.2962
  type: 'test'
  ...
# Subtest: Nazem worker always processes the primary database and deduplicates tenant databases
ok 54 - Nazem worker always processes the primary database and deduplicates tenant databases
  ---
  duration_ms: 0.1789
  type: 'test'
  ...
# Subtest: database migrations keep numeric order so Nazem hardening runs after version 9
ok 55 - database migrations keep numeric order so Nazem hardening runs after version 9
  ---
  duration_ms: 31.6617
  type: 'test'
  ...
# Subtest: Nazem discovers student plans and treats Nazem as the authoritative import source
ok 56 - Nazem discovers student plans and treats Nazem as the authoritative import source
  ---
  duration_ms: 9.5221
  type: 'test'
  ...
# Subtest: Nazem reconciliation applies its plan as the authoritative source
ok 57 - Nazem reconciliation applies its plan as the authoritative source
  ---
  duration_ms: 1.2288
  type: 'test'
  ...
# Subtest: Nazem recitation keeps authenticated sessions and imported plans immediately usable
ok 58 - Nazem recitation keeps authenticated sessions and imported plans immediately usable
  ---
  duration_ms: 1.248
  type: 'test'
  ...
# Subtest: account verification failures leave a retryable account visible to polling
ok 59 - account verification failures leave a retryable account visible to polling
  ---
  duration_ms: 0.3677
  type: 'test'
  ...
# Subtest: Nazem-imported recitation scores remain whole numbers
ok 60 - Nazem-imported recitation scores remain whole numbers
  ---
  duration_ms: 0.456
  type: 'test'
  ...
# Subtest: reverse-surah plans keep ayahs ascending inside each surah
ok 61 - reverse-surah plans keep ayahs ascending inside each surah
  ---
  duration_ms: 1.3687
  type: 'test'
  ...
# Subtest: reverse-surah linking selects yesterday within the same surah and excludes future lower surahs
ok 62 - reverse-surah linking selects yesterday within the same surah and excludes future lower surahs
  ---
  duration_ms: 0.6701
  type: 'test'
  ...
# Subtest: memorization execution can belong to the student while evaluation remains available to the teacher
ok 63 - memorization execution can belong to the student while evaluation remains available to the teacher
  ---
  duration_ms: 0.1888
  type: 'test'
  ...
# Subtest: memorization defaults to teacher execution for backward compatibility
ok 64 - memorization defaults to teacher execution for backward compatibility
  ---
  duration_ms: 0.094
  type: 'test'
  ...
# Subtest: memorization reduction, compensation, and forward increase are independent permissions
ok 65 - memorization reduction, compensation, and forward increase are independent permissions
  ---
  duration_ms: 0.1707
  type: 'test'
  ...
# Subtest: execution ownership and configured count limits are enforced on the server
ok 66 - execution ownership and configured count limits are enforced on the server
  ---
  duration_ms: 9.0849
  type: 'test'
  ...
# Subtest: Nazem isolates linked plans and restores normal settings when disabled
ok 67 - Nazem isolates linked plans and restores normal settings when disabled
  ---
  duration_ms: 5.3041
  type: 'test'
  ...
# Subtest: student-owned Nazem review and link create official follow-up records
ok 68 - student-owned Nazem review and link create official follow-up records
  ---
  duration_ms: 3.5649
  type: 'test'
  ...
# Subtest: review and link cannot extend beyond their assigned range and failed evaluations remove rewards
ok 69 - review and link cannot extend beyond their assigned range and failed evaluations remove rewards
  ---
  duration_ms: 4.3256
  type: 'test'
  ...
# Subtest: Nazem review keeps its remote day while memorization remains editable
ok 70 - Nazem review keeps its remote day while memorization remains editable
  ---
  duration_ms: 5.5462
  type: 'test'
  ...
# Subtest: loads the prior source page to retain verses that continue onto the displayed face
ok 71 - loads the prior source page to retain verses that continue onto the displayed face
  ---
  duration_ms: 1.1561
  type: 'test'
  ...
# Subtest: opens every QCF face reached by the task boundary
ok 72 - opens every QCF face reached by the task boundary
  ---
  duration_ms: 0.1964
  type: 'test'
  ...
# Subtest: loads supervisor Mushaf faces from the packaged offline source
ok 73 - loads supervisor Mushaf faces from the packaged offline source
  ---
  duration_ms: 4.8577
  type: 'test'
  ...
# Subtest: keeps native system surfaces aligned with the active Mushaf theme
ok 74 - keeps native system surfaces aligned with the active Mushaf theme
  ---
  duration_ms: 1.521
  type: 'test'
  ...
# Subtest: keeps verses 41 and 42 on face 586 even when returned by source face 585
ok 75 - keeps verses 41 and 42 on face 586 even when returned by source face 585
  ---
  duration_ms: 0.3644
  type: 'test'
  ...
# Subtest: places the completed ayah number between selected words from consecutive ayahs
ok 76 - places the completed ayah number between selected words from consecutive ayahs
  ---
  duration_ms: 0.2783
  type: 'test'
  ...
# Subtest: renders a stable fifteen-line Mushaf face with coordinated themes and compact controls
ok 77 - renders a stable fifteen-line Mushaf face with coordinated themes and compact controls
  ---
  duration_ms: 5.2049
  type: 'test'
  ...
# Subtest: each teacher controls recitation modes from their own account while tests remain managed centrally
ok 78 - each teacher controls recitation modes from their own account while tests remain managed centrally
  ---
  duration_ms: 12.2928
  type: 'test'
  ...
# Subtest: count-only evaluation is shared while detailed tests and narration use the Mushaf
ok 79 - count-only evaluation is shared while detailed tests and narration use the Mushaf
  ---
  duration_ms: 1.4243
  type: 'test'
  ...
# Subtest: attendance points and repetition controls respect their execution actor and saved settings
ok 80 - attendance points and repetition controls respect their execution actor and saved settings
  ---
  duration_ms: 12.6157
  type: 'test'
  ...
# Subtest: packages the complete Hafs Mushaf for native offline reading
ok 81 - packages the complete Hafs Mushaf for native offline reading
  ---
  duration_ms: 11.844
  type: 'test'
  ...
# Subtest: student-only Mushaf route uses local pages, local fonts, and cached daily memorization
ok 82 - student-only Mushaf route uses local pages, local fonts, and cached daily memorization
  ---
  duration_ms: 2.1906
  type: 'test'
  ...
# Subtest: student plan replaces separate saved navigation and shares the offline plan cache
ok 83 - student plan replaces separate saved navigation and shares the offline plan cache
  ---
  duration_ms: 3.1354
  type: 'test'
  ...
# Subtest: student Mushaf keeps its text neutral and animates RTL horizontal page turns
ok 84 - student Mushaf keeps its text neutral and animates RTL horizontal page turns
  ---
  duration_ms: 1.2842
  type: 'test'
  ...
1..84
# tests 84
# suites 0
# pass 84
# fail 0
# cancelled 0
# skipped 0
# todo 0
# duration_ms 384.8775
